---
source: crates/loxide_parser/src/parser.rs
expression: results
---
(
    [
        Stmt {
            kind: Block(
                [
                    Stmt {
                        kind: VarDeclaration(
                            Identifier {
                                name: "a",
                                span: [Span],
                            },
                            Some(
                                Expr {
                                    kind: Literal(
                                        Number(
                                            1.0,
                                        ),
                                    ),
                                    span: [Span],
                                },
                            ),
                        ),
                        span: [Span],
                    },
                    Stmt {
                        kind: Expression(
                            Expr {
                                kind: Assign(
                                    AssignExpr {
                                        name: Identifier {
                                            name: "a",
                                            span: [Span],
                                        },
                                        value: Expr {
                                            kind: Literal(
                                                Number(
                                                    2.0,
                                                ),
                                            ),
                                            span: [Span],
                                        },
                                    },
                                ),
                                span: [Span],
                            },
                        ),
                        span: [Span],
                    },
                ],
            ),
            span: [Span],
        },
        Stmt {
            kind: Block(
                [
                    Stmt {
                        kind: VarDeclaration(
                            Identifier {
                                name: "a",
                                span: [Span],
                            },
                            Some(
                                Expr {
                                    kind: Literal(
                                        Number(
                                            1.0,
                                        ),
                                    ),
                                    span: [Span],
                                },
                            ),
                        ),
                        span: [Span],
                    },
                    Stmt {
                        kind: Block(
                            [
                                Stmt {
                                    kind: VarDeclaration(
                                        Identifier {
                                            name: "a",
                                            span: [Span],
                                        },
                                        Some(
                                            Expr {
                                                kind: Literal(
                                                    Number(
                                                        2.0,
                                                    ),
                                                ),
                                                span: [Span],
                                            },
                                        ),
                                    ),
                                    span: [Span],
                                },
                            ],
                        ),
                        span: [Span],
                    },
                ],
            ),
            span: [Span],
        },
    ],
    [],
)
