---
source: crates/loxide_parser/src/parser.rs
expression: results
---
(
    [
        Stmt {
            kind: VarDeclaration(
                Identifier {
                    name: "a",
                    span: [Span],
                },
                Some(
                    Expr {
                        kind: Literal(
                            Number(
                                1.0,
                            ),
                        ),
                        span: [Span],
                    },
                ),
            ),
            span: [Span],
        },
        Stmt {
            kind: VarDeclaration(
                Identifier {
                    name: "b",
                    span: [Span],
                },
                None,
            ),
            span: [Span],
        },
    ],
    [],
)
