---
source: crates/loxide_parser/src/parser.rs
expression: asts
---
[
    Err(
        Expect(
            "expression",
        ),
    ),
    Err(
        Expect(
            "expression",
        ),
    ),
    Err(
        Expect(
            "expression",
        ),
    ),
    Ok(
        Expr {
            kind: Assign(
                AssignExpr {
                    name: Variable {
                        name: "a",
                    },
                    value: Expr {
                        kind: Variable(
                            Variable {
                                name: "b",
                            },
                        ),
                    },
                },
            ),
        },
    ),
    Ok(
        Expr {
            kind: Assign(
                AssignExpr {
                    name: Variable {
                        name: "a",
                    },
                    value: Expr {
                        kind: Assign(
                            AssignExpr {
                                name: Variable {
                                    name: "b",
                                },
                                value: Expr {
                                    kind: Variable(
                                        Variable {
                                            name: "c",
                                        },
                                    ),
                                },
                            },
                        ),
                    },
                },
            ),
        },
    ),
]
