---
source: crates/loxide_parser/src/parser.rs
expression: asts
---
[
    Err(
        UnexpectedToken {
            span: [Span],
            expected: "primary expression",
            found: "eof",
        },
    ),
    Err(
        UnexpectedToken {
            span: [Span],
            expected: "primary expression",
            found: "eof",
        },
    ),
    Err(
        UnexpectedToken {
            span: [Span],
            expected: "primary expression",
            found: "eof",
        },
    ),
    Ok(
        Expr {
            kind: Assign(
                AssignExpr {
                    name: Identifier {
                        name: "a",
                        span: [Span],
                    },
                    value: Expr {
                        kind: Variable(
                            Identifier {
                                name: "b",
                                span: [Span],
                            },
                        ),
                        span: [Span],
                    },
                },
            ),
            span: [Span],
        },
    ),
    Ok(
        Expr {
            kind: Assign(
                AssignExpr {
                    name: Identifier {
                        name: "a",
                        span: [Span],
                    },
                    value: Expr {
                        kind: Assign(
                            AssignExpr {
                                name: Identifier {
                                    name: "b",
                                    span: [Span],
                                },
                                value: Expr {
                                    kind: Variable(
                                        Identifier {
                                            name: "c",
                                            span: [Span],
                                        },
                                    ),
                                    span: [Span],
                                },
                            },
                        ),
                        span: [Span],
                    },
                },
            ),
            span: [Span],
        },
    ),
]
