---
source: crates/loxide_parser/src/parser.rs
expression: results
---
(
    [
        Expression(
            Expr {
                kind: Call(
                    CallExpr {
                        callee: Expr {
                            kind: Variable(
                                Identifier {
                                    name: "foo",
                                },
                            ),
                            span: [Span],
                        },
                        args: [
                            Expr {
                                kind: Literal(
                                    String(
                                        "abc",
                                    ),
                                ),
                                span: [Span],
                            },
                            Expr {
                                kind: Literal(
                                    String(
                                        "def",
                                    ),
                                ),
                                span: [Span],
                            },
                        ],
                    },
                ),
                span: [Span],
            },
        ),
        Expression(
            Expr {
                kind: Call(
                    CallExpr {
                        callee: Expr {
                            kind: Call(
                                CallExpr {
                                    callee: Expr {
                                        kind: Variable(
                                            Identifier {
                                                name: "nested",
                                            },
                                        ),
                                        span: [Span],
                                    },
                                    args: [
                                        Expr {
                                            kind: Literal(
                                                String(
                                                    "foo",
                                                ),
                                            ),
                                            span: [Span],
                                        },
                                    ],
                                },
                            ),
                            span: [Span],
                        },
                        args: [
                            Expr {
                                kind: Literal(
                                    String(
                                        "bar",
                                    ),
                                ),
                                span: [Span],
                            },
                        ],
                    },
                ),
                span: [Span],
            },
        ),
        Expression(
            Expr {
                kind: Call(
                    CallExpr {
                        callee: Expr {
                            kind: Call(
                                CallExpr {
                                    callee: Expr {
                                        kind: Variable(
                                            Identifier {
                                                name: "foo",
                                            },
                                        ),
                                        span: [Span],
                                    },
                                    args: [],
                                },
                            ),
                            span: [Span],
                        },
                        args: [],
                    },
                ),
                span: [Span],
            },
        ),
    ],
    [],
)
