---
source: crates/loxide_parser/src/parser.rs
expression: results
---
(
    [
        Stmt {
            kind: FunDeclaration(
                FunDeclaration {
                    name: Identifier {
                        name: "foo",
                        span: [Span],
                    },
                    paren_token: [Span],
                    params: [
                        Identifier {
                            name: "bar",
                            span: [Span],
                        },
                        Identifier {
                            name: "baz",
                            span: [Span],
                        },
                    ],
                    body: [
                        Stmt {
                            kind: PrintStmt(
                                Expr {
                                    kind: Grouped(
                                        Expr {
                                            kind: Literal(
                                                String(
                                                    "a",
                                                ),
                                            ),
                                            span: [Span],
                                        },
                                    ),
                                    span: [Span],
                                },
                            ),
                            span: [Span],
                        },
                        Stmt {
                            kind: PrintStmt(
                                Expr {
                                    kind: Grouped(
                                        Expr {
                                            kind: Literal(
                                                String(
                                                    "b",
                                                ),
                                            ),
                                            span: [Span],
                                        },
                                    ),
                                    span: [Span],
                                },
                            ),
                            span: [Span],
                        },
                    ],
                },
            ),
            span: [Span],
        },
        Stmt {
            kind: FunDeclaration(
                FunDeclaration {
                    name: Identifier {
                        name: "bar",
                        span: [Span],
                    },
                    paren_token: [Span],
                    params: [],
                    body: [],
                },
            ),
            span: [Span],
        },
    ],
    [],
)
