---
source: crates/loxide_parser/src/parser.rs
expression: results
---
(
    [
        Stmt {
            kind: For(
                ForStmt {
                    initializer: Some(
                        Stmt {
                            kind: VarDeclaration(
                                Identifier {
                                    name: "a",
                                    span: [Span],
                                },
                                Some(
                                    Expr {
                                        kind: Literal(
                                            Number(
                                                1.0,
                                            ),
                                        ),
                                        span: [Span],
                                    },
                                ),
                            ),
                            span: [Span],
                        },
                    ),
                    condition: Some(
                        Expr {
                            kind: Binary(
                                BinaryExpr {
                                    lhs: Expr {
                                        kind: Variable(
                                            Identifier {
                                                name: "a",
                                                span: [Span],
                                            },
                                        ),
                                        span: [Span],
                                    },
                                    rhs: Expr {
                                        kind: Literal(
                                            Number(
                                                10.0,
                                            ),
                                        ),
                                        span: [Span],
                                    },
                                    operator: Less,
                                },
                            ),
                            span: [Span],
                        },
                    ),
                    increment: Some(
                        Expr {
                            kind: Assign(
                                AssignExpr {
                                    name: Identifier {
                                        name: "a",
                                        span: [Span],
                                    },
                                    value: Expr {
                                        kind: Binary(
                                            BinaryExpr {
                                                lhs: Expr {
                                                    kind: Variable(
                                                        Identifier {
                                                            name: "a",
                                                            span: [Span],
                                                        },
                                                    ),
                                                    span: [Span],
                                                },
                                                rhs: Expr {
                                                    kind: Literal(
                                                        Number(
                                                            1.0,
                                                        ),
                                                    ),
                                                    span: [Span],
                                                },
                                                operator: Plus,
                                            },
                                        ),
                                        span: [Span],
                                    },
                                },
                            ),
                            span: [Span],
                        },
                    ),
                    body: Stmt {
                        kind: Block(
                            [
                                Stmt {
                                    kind: PrintStmt(
                                        Expr {
                                            kind: Variable(
                                                Identifier {
                                                    name: "a",
                                                    span: [Span],
                                                },
                                            ),
                                            span: [Span],
                                        },
                                    ),
                                    span: [Span],
                                },
                            ],
                        ),
                        span: [Span],
                    },
                },
            ),
            span: [Span],
        },
        Stmt {
            kind: For(
                ForStmt {
                    initializer: None,
                    condition: None,
                    increment: None,
                    body: Stmt {
                        kind: Block(
                            [],
                        ),
                        span: [Span],
                    },
                },
            ),
            span: [Span],
        },
    ],
    [],
)
