---
source: crates/loxide_parser/src/parser.rs
expression: results
---
(
    [
        Condition(
            ConditionStmt {
                condition: Expr {
                    kind: Variable(
                        Identifier {
                            name: "first",
                        },
                    ),
                    span: [Span],
                },
                then_branch: Condition(
                    ConditionStmt {
                        condition: Expr {
                            kind: Variable(
                                Identifier {
                                    name: "second",
                                },
                            ),
                            span: [Span],
                        },
                        then_branch: Expression(
                            Expr {
                                kind: Literal(
                                    String(
                                        "when true",
                                    ),
                                ),
                                span: [Span],
                            },
                        ),
                        else_branch: Some(
                            Expression(
                                Expr {
                                    kind: Literal(
                                        String(
                                            "when false",
                                        ),
                                    ),
                                    span: [Span],
                                },
                            ),
                        ),
                    },
                ),
                else_branch: None,
            },
        ),
        Expression(
            Expr {
                kind: Literal(
                    String(
                        "not part of else branch",
                    ),
                ),
                span: [Span],
            },
        ),
    ],
    [],
)
