---
source: crates/loxide_parser/src/parser.rs
expression: results
---
(
    [
        Expression(
            Expr {
                kind: Binary(
                    BinaryExpr {
                        lhs: Expr {
                            kind: Literal(
                                Number(
                                    1.0,
                                ),
                            ),
                            span: [Span],
                        },
                        rhs: Expr {
                            kind: Literal(
                                Number(
                                    2.0,
                                ),
                            ),
                            span: [Span],
                        },
                        operator: Plus,
                    },
                ),
                span: [Span],
            },
        ),
        Expression(
            Expr {
                kind: Binary(
                    BinaryExpr {
                        lhs: Expr {
                            kind: Literal(
                                Number(
                                    3.0,
                                ),
                            ),
                            span: [Span],
                        },
                        rhs: Expr {
                            kind: Literal(
                                Number(
                                    4.0,
                                ),
                            ),
                            span: [Span],
                        },
                        operator: Plus,
                    },
                ),
                span: [Span],
            },
        ),
        Expression(
            Expr {
                kind: Literal(
                    Boolean(
                        true,
                    ),
                ),
                span: [Span],
            },
        ),
        Expression(
            Expr {
                kind: Literal(
                    Boolean(
                        false,
                    ),
                ),
                span: [Span],
            },
        ),
        Expression(
            Expr {
                kind: Literal(
                    Nil,
                ),
                span: [Span],
            },
        ),
    ],
    [
        Expect(
            "expression",
        ),
        Expect(
            "expression",
        ),
        Expect(
            "expression",
        ),
    ],
)
