---
source: crates/loxide_parser/src/parser.rs
expression: asts
---
[
    Ok(
        Stmt {
            kind: Expression(
                Expr {
                    kind: Binary(
                        BinaryExpr {
                            lhs: Expr {
                                kind: Literal(
                                    Number(
                                        1.0,
                                    ),
                                ),
                                span: [Span],
                            },
                            rhs: Expr {
                                kind: Literal(
                                    Number(
                                        2.0,
                                    ),
                                ),
                                span: [Span],
                            },
                            operator: Plus,
                        },
                    ),
                    span: [Span],
                },
            ),
            span: [Span],
        },
    ),
    Ok(
        Stmt {
            kind: Expression(
                Expr {
                    kind: Binary(
                        BinaryExpr {
                            lhs: Expr {
                                kind: Literal(
                                    Number(
                                        3.0,
                                    ),
                                ),
                                span: [Span],
                            },
                            rhs: Expr {
                                kind: Literal(
                                    Number(
                                        4.0,
                                    ),
                                ),
                                span: [Span],
                            },
                            operator: Less,
                        },
                    ),
                    span: [Span],
                },
            ),
            span: [Span],
        },
    ),
    Ok(
        Stmt {
            kind: PrintStmt(
                Expr {
                    kind: Literal(
                        String(
                            "hello world",
                        ),
                    ),
                    span: [Span],
                },
            ),
            span: [Span],
        },
    ),
]
