---
source: crates/loxide_parser/src/parser.rs
expression: results
---
(
    [
        Stmt {
            kind: While(
                WhileStmt {
                    condition: Expr {
                        kind: Literal(
                            Boolean(
                                true,
                            ),
                        ),
                        span: [Span],
                    },
                    body: Stmt {
                        kind: Block(
                            [
                                Stmt {
                                    kind: While(
                                        WhileStmt {
                                            condition: Expr {
                                                kind: Literal(
                                                    Boolean(
                                                        false,
                                                    ),
                                                ),
                                                span: [Span],
                                            },
                                            body: Stmt {
                                                kind: Block(
                                                    [
                                                        Stmt {
                                                            kind: Expression(
                                                                Expr {
                                                                    kind: Literal(
                                                                        String(
                                                                            "Hello world",
                                                                        ),
                                                                    ),
                                                                    span: [Span],
                                                                },
                                                            ),
                                                            span: [Span],
                                                        },
                                                    ],
                                                ),
                                                span: [Span],
                                            },
                                        },
                                    ),
                                    span: [Span],
                                },
                            ],
                        ),
                        span: [Span],
                    },
                },
            ),
            span: [Span],
        },
    ],
    [],
)
