---
source: crates/loxide_parser/tests/regression/issue15.rs
expression: result
---
(
    [
        Block(
            [
                VarDeclaration(
                    Identifier {
                        name: "a",
                    },
                    Some(
                        Expr {
                            kind: Literal(
                                Number(
                                    1.0,
                                ),
                            ),
                            span: Span {
                                start: 14,
                                end: 15,
                            },
                        },
                    ),
                ),
            ],
        ),
    ],
    [],
)
