---
source: crates/loxide_parser/tests/regression/issue15.rs
expression: result
---
(
    [
        Stmt {
            kind: Block(
                [
                    Stmt {
                        kind: VarDeclaration(
                            Identifier {
                                name: "a",
                                span: [Span],
                            },
                            Some(
                                Expr {
                                    kind: Literal(
                                        Number(
                                            1.0,
                                        ),
                                    ),
                                    span: [Span],
                                },
                            ),
                        ),
                        span: [Span],
                    },
                ],
            ),
            span: [Span],
        },
    ],
    [],
)
