---
source: crates/loxide_parser/tests/regression/issue6.rs
expression: result
---
(
    [
        Stmt {
            kind: Expression(
                Expr {
                    kind: Binary(
                        BinaryExpr {
                            lhs: Expr {
                                kind: Literal(
                                    Number(
                                        2.0,
                                    ),
                                ),
                                span: [Span],
                            },
                            rhs: Expr {
                                kind: Literal(
                                    Number(
                                        1.0,
                                    ),
                                ),
                                span: [Span],
                            },
                            operator: GreaterEqual,
                        },
                    ),
                    span: [Span],
                },
            ),
            span: [Span],
        },
        Stmt {
            kind: Expression(
                Expr {
                    kind: Binary(
                        BinaryExpr {
                            lhs: Expr {
                                kind: Literal(
                                    Number(
                                        2.0,
                                    ),
                                ),
                                span: [Span],
                            },
                            rhs: Expr {
                                kind: Literal(
                                    Number(
                                        1.0,
                                    ),
                                ),
                                span: [Span],
                            },
                            operator: Greater,
                        },
                    ),
                    span: [Span],
                },
            ),
            span: [Span],
        },
    ],
    [],
)
