---
source: crates/loxide_parser/tests/regression/issue8.rs
expression: result
---
(
    [
        Expression(
            Expr {
                kind: Binary(
                    BinaryExpr {
                        lhs: Expr {
                            kind: Literal(
                                Number(
                                    1.0,
                                ),
                            ),
                            span: Span {
                                start: 0,
                                end: 1,
                            },
                        },
                        rhs: Expr {
                            kind: Literal(
                                Number(
                                    2.0,
                                ),
                            ),
                            span: Span {
                                start: 4,
                                end: 5,
                            },
                        },
                        operator: Plus,
                    },
                ),
                span: Span {
                    start: 0,
                    end: 5,
                },
            },
        ),
        Expression(
            Expr {
                kind: Binary(
                    BinaryExpr {
                        lhs: Expr {
                            kind: Literal(
                                Number(
                                    3.0,
                                ),
                            ),
                            span: Span {
                                start: 29,
                                end: 30,
                            },
                        },
                        rhs: Expr {
                            kind: Literal(
                                Number(
                                    4.0,
                                ),
                            ),
                            span: Span {
                                start: 33,
                                end: 34,
                            },
                        },
                        operator: Plus,
                    },
                ),
                span: Span {
                    start: 29,
                    end: 34,
                },
            },
        ),
    ],
    [],
)
