---
source: crates/loxide_parser/tests/regression/issue18.rs
expression: result
---
(
    [
        PrintStmt(
            Expr {
                kind: Variable(
                    Identifier {
                        name: "a",
                    },
                ),
                span: Span {
                    start: 6,
                    end: 7,
                },
            },
        ),
    ],
    [],
)
