---
source: crates/loxide_interpreter/tests/integration.rs
expression: sorted
snapshot_kind: text
---
[
    (
        "assignment/associativity",
        true,
    ),
    (
        "assignment/global",
        true,
    ),
    (
        "assignment/grouping",
        true,
    ),
    (
        "assignment/infix_operator",
        true,
    ),
    (
        "assignment/local",
        true,
    ),
    (
        "assignment/prefix_operator",
        true,
    ),
    (
        "assignment/syntax",
        true,
    ),
    (
        "assignment/undefined",
        true,
    ),
    (
        "block/empty",
        true,
    ),
    (
        "block/scope",
        true,
    ),
    (
        "bool/equality",
        true,
    ),
    (
        "bool/not",
        true,
    ),
    (
        "call/bool",
        true,
    ),
    (
        "call/nil",
        true,
    ),
    (
        "call/num",
        true,
    ),
    (
        "call/string",
        true,
    ),
    (
        "empty_file",
        true,
    ),
    (
        "for/closure_in_body",
        true,
    ),
    (
        "for/return_closure",
        true,
    ),
    (
        "for/return_inside",
        true,
    ),
    (
        "for/scope",
        true,
    ),
    (
        "for/statement_condition",
        true,
    ),
    (
        "for/statement_increment",
        true,
    ),
    (
        "for/statement_initializer",
        true,
    ),
    (
        "for/syntax",
        true,
    ),
    (
        "for/var_in_body",
        true,
    ),
    (
        "function/body_must_be_block",
        true,
    ),
    (
        "function/empty_body",
        true,
    ),
    (
        "function/extra_arguments",
        true,
    ),
    (
        "function/local_mutual_recursion",
        true,
    ),
    (
        "function/local_recursion",
        true,
    ),
    (
        "function/missing_arguments",
        true,
    ),
    (
        "function/missing_comma_in_parameters",
        true,
    ),
    (
        "function/nested_call_with_arguments",
        true,
    ),
    (
        "function/parameters",
        true,
    ),
    (
        "function/recursion",
        true,
    ),
    (
        "function/too_many_arguments",
        true,
    ),
    (
        "function/too_many_parameters",
        true,
    ),
    (
        "if/dangling_else",
        true,
    ),
    (
        "if/else",
        true,
    ),
    (
        "if/fun_in_else",
        true,
    ),
    (
        "if/fun_in_then",
        true,
    ),
    (
        "if/if",
        true,
    ),
    (
        "if/truth",
        true,
    ),
    (
        "if/var_in_else",
        true,
    ),
    (
        "if/var_in_then",
        true,
    ),
    (
        "nil/literal",
        true,
    ),
    (
        "operator/add",
        true,
    ),
    (
        "operator/add_bool_nil",
        true,
    ),
    (
        "operator/add_bool_num",
        true,
    ),
    (
        "operator/add_bool_string",
        true,
    ),
    (
        "operator/add_nil_nil",
        true,
    ),
    (
        "operator/add_num_nil",
        true,
    ),
    (
        "operator/add_string_nil",
        true,
    ),
    (
        "operator/comparison",
        true,
    ),
    (
        "operator/divide",
        true,
    ),
    (
        "operator/divide_nonnum_num",
        true,
    ),
    (
        "operator/divide_num_nonnum",
        true,
    ),
    (
        "operator/equals",
        true,
    ),
    (
        "operator/greater_nonnum_num",
        true,
    ),
    (
        "operator/greater_num_nonnum",
        true,
    ),
    (
        "operator/greater_or_equal_nonnum_num",
        true,
    ),
    (
        "operator/greater_or_equal_num_nonnum",
        true,
    ),
    (
        "operator/less_nonnum_num",
        true,
    ),
    (
        "operator/less_num_nonnum",
        true,
    ),
    (
        "operator/less_or_equal_nonnum_num",
        true,
    ),
    (
        "operator/less_or_equal_num_nonnum",
        true,
    ),
    (
        "operator/multiply",
        true,
    ),
    (
        "operator/multiply_nonnum_num",
        true,
    ),
    (
        "operator/multiply_num_nonnum",
        true,
    ),
    (
        "operator/negate",
        true,
    ),
    (
        "operator/negate_nonnum",
        true,
    ),
    (
        "operator/not",
        true,
    ),
    (
        "operator/not_equals",
        true,
    ),
    (
        "operator/subtract",
        true,
    ),
    (
        "operator/subtract_nonnum_num",
        true,
    ),
    (
        "operator/subtract_num_nonnum",
        true,
    ),
    (
        "precedence",
        true,
    ),
    (
        "print/missing_argument",
        true,
    ),
    (
        "return/after_else",
        true,
    ),
    (
        "return/after_if",
        true,
    ),
    (
        "return/after_while",
        true,
    ),
    (
        "return/at_top_level",
        true,
    ),
    (
        "return/in_function",
        true,
    ),
    (
        "return/return_void_if_no_value",
        true,
    ),
    (
        "while/closure_in_body",
        true,
    ),
    (
        "while/fun_in_body",
        true,
    ),
    (
        "while/return_closure",
        true,
    ),
    (
        "while/return_inside",
        true,
    ),
    (
        "while/syntax",
        true,
    ),
    (
        "while/var_in_body",
        true,
    ),
]
