---
source: crates/loxide_interpreter/tests/integration.rs
expression: result
---
// 256 parameters.
fun f(
    a1,
    a2,
    a3,
    a4,
    a5,
    a6,
    a7,
    a8,
    a9,
    a10,
    a11,
    a12,
    a13,
    a14,
    a15,
    a16,
    a17,
    a18,
    a19,
    a20,
    a21,
    a22,
    a23,
    a24,
    a25,
    a26,
    a27,
    a28,
    a29,
    a30,
    a31,
    a32,
    a33,
    a34,
    a35,
    a36,
    a37,
    a38,
    a39,
    a40,
    a41,
    a42,
    a43,
    a44,
    a45,
    a46,
    a47,
    a48,
    a49,
    a50,
    a51,
    a52,
    a53,
    a54,
    a55,
    a56,
    a57,
    a58,
    a59,
    a60,
    a61,
    a62,
    a63,
    a64,
    a65,
    a66,
    a67,
    a68,
    a69,
    a70,
    a71,
    a72,
    a73,
    a74,
    a75,
    a76,
    a77,
    a78,
    a79,
    a80,
    a81,
    a82,
    a83,
    a84,
    a85,
    a86,
    a87,
    a88,
    a89,
    a90,
    a91,
    a92,
    a93,
    a94,
    a95,
    a96,
    a97,
    a98,
    a99,
    a100,
    a101,
    a102,
    a103,
    a104,
    a105,
    a106,
    a107,
    a108,
    a109,
    a110,
    a111,
    a112,
    a113,
    a114,
    a115,
    a116,
    a117,
    a118,
    a119,
    a120,
    a121,
    a122,
    a123,
    a124,
    a125,
    a126,
    a127,
    a128,
    a129,
    a130,
    a131,
    a132,
    a133,
    a134,
    a135,
    a136,
    a137,
    a138,
    a139,
    a140,
    a141,
    a142,
    a143,
    a144,
    a145,
    a146,
    a147,
    a148,
    a149,
    a150,
    a151,
    a152,
    a153,
    a154,
    a155,
    a156,
    a157,
    a158,
    a159,
    a160,
    a161,
    a162,
    a163,
    a164,
    a165,
    a166,
    a167,
    a168,
    a169,
    a170,
    a171,
    a172,
    a173,
    a174,
    a175,
    a176,
    a177,
    a178,
    a179,
    a180,
    a181,
    a182,
    a183,
    a184,
    a185,
    a186,
    a187,
    a188,
    a189,
    a190,
    a191,
    a192,
    a193,
    a194,
    a195,
    a196,
    a197,
    a198,
    a199,
    a200,
    a201,
    a202,
    a203,
    a204,
    a205,
    a206,
    a207,
    a208,
    a209,
    a210,
    a211,
    a212,
    a213,
    a214,
    a215,
    a216,
    a217,
    a218,
    a219,
    a220,
    a221,
    a222,
    a223,
    a224,
    a225,
    a226,
    a227,
    a228,
    a229,
    a230,
    a231,
    a232,
    a233,
    a234,
    a235,
    a236,
    a237,
    a238,
    a239,
    a240,
    a241,
    a242,
    a243,
    a244,
    a245,
    a246,
    a247,
    a248,
    a249,
    a250,
    a251,
    a252,
    a253,
    a254,
    a255, a) {} // Error at 'a': Can't have more than 255 parameters.


>>>>> Error Section <<<<<
  × Too many parameters, allow at most 255, found 256
     ╭─[2:6]
   1 │     // 256 parameters.
   2 │ ╭─▶ fun f(
   3 │ │       a1,
   4 │ │       a2,
   5 │ │       a3,
   6 │ │       a4,
   7 │ │       a5,
   8 │ │       a6,
   9 │ │       a7,
  10 │ │       a8,
  11 │ │       a9,
  12 │ │       a10,
  13 │ │       a11,
  14 │ │       a12,
  15 │ │       a13,
  16 │ │       a14,
  17 │ │       a15,
  18 │ │       a16,
  19 │ │       a17,
  20 │ │       a18,
  21 │ │       a19,
  22 │ │       a20,
  23 │ │       a21,
  24 │ │       a22,
  25 │ │       a23,
  26 │ │       a24,
  27 │ │       a25,
  28 │ │       a26,
  29 │ │       a27,
  30 │ │       a28,
  31 │ │       a29,
  32 │ │       a30,
  33 │ │       a31,
  34 │ │       a32,
  35 │ │       a33,
  36 │ │       a34,
  37 │ │       a35,
  38 │ │       a36,
  39 │ │       a37,
  40 │ │       a38,
  41 │ │       a39,
  42 │ │       a40,
  43 │ │       a41,
  44 │ │       a42,
  45 │ │       a43,
  46 │ │       a44,
  47 │ │       a45,
  48 │ │       a46,
  49 │ │       a47,
  50 │ │       a48,
  51 │ │       a49,
  52 │ │       a50,
  53 │ │       a51,
  54 │ │       a52,
  55 │ │       a53,
  56 │ │       a54,
  57 │ │       a55,
  58 │ │       a56,
  59 │ │       a57,
  60 │ │       a58,
  61 │ │       a59,
  62 │ │       a60,
  63 │ │       a61,
  64 │ │       a62,
  65 │ │       a63,
  66 │ │       a64,
  67 │ │       a65,
  68 │ │       a66,
  69 │ │       a67,
  70 │ │       a68,
  71 │ │       a69,
  72 │ │       a70,
  73 │ │       a71,
  74 │ │       a72,
  75 │ │       a73,
  76 │ │       a74,
  77 │ │       a75,
  78 │ │       a76,
  79 │ │       a77,
  80 │ │       a78,
  81 │ │       a79,
  82 │ │       a80,
  83 │ │       a81,
  84 │ │       a82,
  85 │ │       a83,
  86 │ │       a84,
  87 │ │       a85,
  88 │ │       a86,
  89 │ │       a87,
  90 │ │       a88,
  91 │ │       a89,
  92 │ │       a90,
  93 │ │       a91,
  94 │ │       a92,
  95 │ │       a93,
  96 │ │       a94,
  97 │ │       a95,
  98 │ │       a96,
  99 │ │       a97,
 100 │ │       a98,
 101 │ │       a99,
 102 │ │       a100,
 103 │ │       a101,
 104 │ │       a102,
 105 │ │       a103,
 106 │ │       a104,
 107 │ │       a105,
 108 │ │       a106,
 109 │ │       a107,
 110 │ │       a108,
 111 │ │       a109,
 112 │ │       a110,
 113 │ │       a111,
 114 │ │       a112,
 115 │ │       a113,
 116 │ │       a114,
 117 │ │       a115,
 118 │ │       a116,
 119 │ │       a117,
 120 │ │       a118,
 121 │ │       a119,
 122 │ │       a120,
 123 │ │       a121,
 124 │ │       a122,
 125 │ │       a123,
 126 │ │       a124,
 127 │ │       a125,
 128 │ │       a126,
 129 │ │       a127,
 130 │ │       a128,
 131 │ │       a129,
 132 │ │       a130,
 133 │ │       a131,
 134 │ │       a132,
 135 │ │       a133,
 136 │ │       a134,
 137 │ │       a135,
 138 │ │       a136,
 139 │ │       a137,
 140 │ │       a138,
 141 │ │       a139,
 142 │ │       a140,
 143 │ │       a141,
 144 │ │       a142,
 145 │ │       a143,
 146 │ │       a144,
 147 │ │       a145,
 148 │ │       a146,
 149 │ │       a147,
 150 │ │       a148,
 151 │ │       a149,
 152 │ │       a150,
 153 │ │       a151,
 154 │ │       a152,
 155 │ │       a153,
 156 │ │       a154,
 157 │ │       a155,
 158 │ │       a156,
 159 │ │       a157,
 160 │ │       a158,
 161 │ │       a159,
 162 │ │       a160,
 163 │ │       a161,
 164 │ │       a162,
 165 │ │       a163,
 166 │ │       a164,
 167 │ │       a165,
 168 │ │       a166,
 169 │ │       a167,
 170 │ │       a168,
 171 │ │       a169,
 172 │ │       a170,
 173 │ │       a171,
 174 │ │       a172,
 175 │ │       a173,
 176 │ │       a174,
 177 │ │       a175,
 178 │ │       a176,
 179 │ │       a177,
 180 │ │       a178,
 181 │ │       a179,
 182 │ │       a180,
 183 │ │       a181,
 184 │ │       a182,
 185 │ │       a183,
 186 │ │       a184,
 187 │ │       a185,
 188 │ │       a186,
 189 │ │       a187,
 190 │ │       a188,
 191 │ │       a189,
 192 │ │       a190,
 193 │ │       a191,
 194 │ │       a192,
 195 │ │       a193,
 196 │ │       a194,
 197 │ │       a195,
 198 │ │       a196,
 199 │ │       a197,
 200 │ │       a198,
 201 │ │       a199,
 202 │ │       a200,
 203 │ │       a201,
 204 │ │       a202,
 205 │ │       a203,
 206 │ │       a204,
 207 │ │       a205,
 208 │ │       a206,
 209 │ │       a207,
 210 │ │       a208,
 211 │ │       a209,
 212 │ │       a210,
 213 │ │       a211,
 214 │ │       a212,
 215 │ │       a213,
 216 │ │       a214,
 217 │ │       a215,
 218 │ │       a216,
 219 │ │       a217,
 220 │ │       a218,
 221 │ │       a219,
 222 │ │       a220,
 223 │ │       a221,
 224 │ │       a222,
 225 │ │       a223,
 226 │ │       a224,
 227 │ │       a225,
 228 │ │       a226,
 229 │ │       a227,
 230 │ │       a228,
 231 │ │       a229,
 232 │ │       a230,
 233 │ │       a231,
 234 │ │       a232,
 235 │ │       a233,
 236 │ │       a234,
 237 │ │       a235,
 238 │ │       a236,
 239 │ │       a237,
 240 │ │       a238,
 241 │ │       a239,
 242 │ │       a240,
 243 │ │       a241,
 244 │ │       a242,
 245 │ │       a243,
 246 │ │       a244,
 247 │ │       a245,
 248 │ │       a246,
 249 │ │       a247,
 250 │ │       a248,
 251 │ │       a249,
 252 │ │       a250,
 253 │ │       a251,
 254 │ │       a252,
 255 │ │       a253,
 256 │ │       a254,
 257 │ ├─▶     a255, a) {} // Error at 'a': Can't have more than 255 parameters.
     · ╰──── Can't have more than 255 parameters
     ╰────
