---
source: crates/loxide_interpreter/tests/integration.rs
expression: result
---
1 <= "1"; // expect runtime error: Operands must be numbers.


>>>>> Error Section <<<<<
  × Invalid binary operand, expected: number
   ╭────
 1 │ 1 <= "1"; // expect runtime error: Operands must be numbers.
   ·      ─┬─
   ·       ╰── expect a number type here
   ╰────
