---
source: crates/loxide_interpreter/tests/integration.rs
expression: result
---
fun foo() {}

{
  var a = 1;
  foo(
     a, // 1
     a, // 2
     a, // 3
     a, // 4
     a, // 5
     a, // 6
     a, // 7
     a, // 8
     a, // 9
     a, // 10
     a, // 11
     a, // 12
     a, // 13
     a, // 14
     a, // 15
     a, // 16
     a, // 17
     a, // 18
     a, // 19
     a, // 20
     a, // 21
     a, // 22
     a, // 23
     a, // 24
     a, // 25
     a, // 26
     a, // 27
     a, // 28
     a, // 29
     a, // 30
     a, // 31
     a, // 32
     a, // 33
     a, // 34
     a, // 35
     a, // 36
     a, // 37
     a, // 38
     a, // 39
     a, // 40
     a, // 41
     a, // 42
     a, // 43
     a, // 44
     a, // 45
     a, // 46
     a, // 47
     a, // 48
     a, // 49
     a, // 50
     a, // 51
     a, // 52
     a, // 53
     a, // 54
     a, // 55
     a, // 56
     a, // 57
     a, // 58
     a, // 59
     a, // 60
     a, // 61
     a, // 62
     a, // 63
     a, // 64
     a, // 65
     a, // 66
     a, // 67
     a, // 68
     a, // 69
     a, // 70
     a, // 71
     a, // 72
     a, // 73
     a, // 74
     a, // 75
     a, // 76
     a, // 77
     a, // 78
     a, // 79
     a, // 80
     a, // 81
     a, // 82
     a, // 83
     a, // 84
     a, // 85
     a, // 86
     a, // 87
     a, // 88
     a, // 89
     a, // 90
     a, // 91
     a, // 92
     a, // 93
     a, // 94
     a, // 95
     a, // 96
     a, // 97
     a, // 98
     a, // 99
     a, // 100
     a, // 101
     a, // 102
     a, // 103
     a, // 104
     a, // 105
     a, // 106
     a, // 107
     a, // 108
     a, // 109
     a, // 110
     a, // 111
     a, // 112
     a, // 113
     a, // 114
     a, // 115
     a, // 116
     a, // 117
     a, // 118
     a, // 119
     a, // 120
     a, // 121
     a, // 122
     a, // 123
     a, // 124
     a, // 125
     a, // 126
     a, // 127
     a, // 128
     a, // 129
     a, // 130
     a, // 131
     a, // 132
     a, // 133
     a, // 134
     a, // 135
     a, // 136
     a, // 137
     a, // 138
     a, // 139
     a, // 140
     a, // 141
     a, // 142
     a, // 143
     a, // 144
     a, // 145
     a, // 146
     a, // 147
     a, // 148
     a, // 149
     a, // 150
     a, // 151
     a, // 152
     a, // 153
     a, // 154
     a, // 155
     a, // 156
     a, // 157
     a, // 158
     a, // 159
     a, // 160
     a, // 161
     a, // 162
     a, // 163
     a, // 164
     a, // 165
     a, // 166
     a, // 167
     a, // 168
     a, // 169
     a, // 170
     a, // 171
     a, // 172
     a, // 173
     a, // 174
     a, // 175
     a, // 176
     a, // 177
     a, // 178
     a, // 179
     a, // 180
     a, // 181
     a, // 182
     a, // 183
     a, // 184
     a, // 185
     a, // 186
     a, // 187
     a, // 188
     a, // 189
     a, // 190
     a, // 191
     a, // 192
     a, // 193
     a, // 194
     a, // 195
     a, // 196
     a, // 197
     a, // 198
     a, // 199
     a, // 200
     a, // 201
     a, // 202
     a, // 203
     a, // 204
     a, // 205
     a, // 206
     a, // 207
     a, // 208
     a, // 209
     a, // 210
     a, // 211
     a, // 212
     a, // 213
     a, // 214
     a, // 215
     a, // 216
     a, // 217
     a, // 218
     a, // 219
     a, // 220
     a, // 221
     a, // 222
     a, // 223
     a, // 224
     a, // 225
     a, // 226
     a, // 227
     a, // 228
     a, // 229
     a, // 230
     a, // 231
     a, // 232
     a, // 233
     a, // 234
     a, // 235
     a, // 236
     a, // 237
     a, // 238
     a, // 239
     a, // 240
     a, // 241
     a, // 242
     a, // 243
     a, // 244
     a, // 245
     a, // 246
     a, // 247
     a, // 248
     a, // 249
     a, // 250
     a, // 251
     a, // 252
     a, // 253
     a, // 254
     a, // 255
     a); // Error at 'a': Can't have more than 255 arguments.
}


>>>>> Error Section <<<<<
  × Too many arguments, allow at most 255, found 256
     ╭─[4:6]
   3 │       var a = 1;
   4 │ ╭─▶   foo(
   5 │ │        a, // 1
   6 │ │        a, // 2
   7 │ │        a, // 3
   8 │ │        a, // 4
   9 │ │        a, // 5
  10 │ │        a, // 6
  11 │ │        a, // 7
  12 │ │        a, // 8
  13 │ │        a, // 9
  14 │ │        a, // 10
  15 │ │        a, // 11
  16 │ │        a, // 12
  17 │ │        a, // 13
  18 │ │        a, // 14
  19 │ │        a, // 15
  20 │ │        a, // 16
  21 │ │        a, // 17
  22 │ │        a, // 18
  23 │ │        a, // 19
  24 │ │        a, // 20
  25 │ │        a, // 21
  26 │ │        a, // 22
  27 │ │        a, // 23
  28 │ │        a, // 24
  29 │ │        a, // 25
  30 │ │        a, // 26
  31 │ │        a, // 27
  32 │ │        a, // 28
  33 │ │        a, // 29
  34 │ │        a, // 30
  35 │ │        a, // 31
  36 │ │        a, // 32
  37 │ │        a, // 33
  38 │ │        a, // 34
  39 │ │        a, // 35
  40 │ │        a, // 36
  41 │ │        a, // 37
  42 │ │        a, // 38
  43 │ │        a, // 39
  44 │ │        a, // 40
  45 │ │        a, // 41
  46 │ │        a, // 42
  47 │ │        a, // 43
  48 │ │        a, // 44
  49 │ │        a, // 45
  50 │ │        a, // 46
  51 │ │        a, // 47
  52 │ │        a, // 48
  53 │ │        a, // 49
  54 │ │        a, // 50
  55 │ │        a, // 51
  56 │ │        a, // 52
  57 │ │        a, // 53
  58 │ │        a, // 54
  59 │ │        a, // 55
  60 │ │        a, // 56
  61 │ │        a, // 57
  62 │ │        a, // 58
  63 │ │        a, // 59
  64 │ │        a, // 60
  65 │ │        a, // 61
  66 │ │        a, // 62
  67 │ │        a, // 63
  68 │ │        a, // 64
  69 │ │        a, // 65
  70 │ │        a, // 66
  71 │ │        a, // 67
  72 │ │        a, // 68
  73 │ │        a, // 69
  74 │ │        a, // 70
  75 │ │        a, // 71
  76 │ │        a, // 72
  77 │ │        a, // 73
  78 │ │        a, // 74
  79 │ │        a, // 75
  80 │ │        a, // 76
  81 │ │        a, // 77
  82 │ │        a, // 78
  83 │ │        a, // 79
  84 │ │        a, // 80
  85 │ │        a, // 81
  86 │ │        a, // 82
  87 │ │        a, // 83
  88 │ │        a, // 84
  89 │ │        a, // 85
  90 │ │        a, // 86
  91 │ │        a, // 87
  92 │ │        a, // 88
  93 │ │        a, // 89
  94 │ │        a, // 90
  95 │ │        a, // 91
  96 │ │        a, // 92
  97 │ │        a, // 93
  98 │ │        a, // 94
  99 │ │        a, // 95
 100 │ │        a, // 96
 101 │ │        a, // 97
 102 │ │        a, // 98
 103 │ │        a, // 99
 104 │ │        a, // 100
 105 │ │        a, // 101
 106 │ │        a, // 102
 107 │ │        a, // 103
 108 │ │        a, // 104
 109 │ │        a, // 105
 110 │ │        a, // 106
 111 │ │        a, // 107
 112 │ │        a, // 108
 113 │ │        a, // 109
 114 │ │        a, // 110
 115 │ │        a, // 111
 116 │ │        a, // 112
 117 │ │        a, // 113
 118 │ │        a, // 114
 119 │ │        a, // 115
 120 │ │        a, // 116
 121 │ │        a, // 117
 122 │ │        a, // 118
 123 │ │        a, // 119
 124 │ │        a, // 120
 125 │ │        a, // 121
 126 │ │        a, // 122
 127 │ │        a, // 123
 128 │ │        a, // 124
 129 │ │        a, // 125
 130 │ │        a, // 126
 131 │ │        a, // 127
 132 │ │        a, // 128
 133 │ │        a, // 129
 134 │ │        a, // 130
 135 │ │        a, // 131
 136 │ │        a, // 132
 137 │ │        a, // 133
 138 │ │        a, // 134
 139 │ │        a, // 135
 140 │ │        a, // 136
 141 │ │        a, // 137
 142 │ │        a, // 138
 143 │ │        a, // 139
 144 │ │        a, // 140
 145 │ │        a, // 141
 146 │ │        a, // 142
 147 │ │        a, // 143
 148 │ │        a, // 144
 149 │ │        a, // 145
 150 │ │        a, // 146
 151 │ │        a, // 147
 152 │ │        a, // 148
 153 │ │        a, // 149
 154 │ │        a, // 150
 155 │ │        a, // 151
 156 │ │        a, // 152
 157 │ │        a, // 153
 158 │ │        a, // 154
 159 │ │        a, // 155
 160 │ │        a, // 156
 161 │ │        a, // 157
 162 │ │        a, // 158
 163 │ │        a, // 159
 164 │ │        a, // 160
 165 │ │        a, // 161
 166 │ │        a, // 162
 167 │ │        a, // 163
 168 │ │        a, // 164
 169 │ │        a, // 165
 170 │ │        a, // 166
 171 │ │        a, // 167
 172 │ │        a, // 168
 173 │ │        a, // 169
 174 │ │        a, // 170
 175 │ │        a, // 171
 176 │ │        a, // 172
 177 │ │        a, // 173
 178 │ │        a, // 174
 179 │ │        a, // 175
 180 │ │        a, // 176
 181 │ │        a, // 177
 182 │ │        a, // 178
 183 │ │        a, // 179
 184 │ │        a, // 180
 185 │ │        a, // 181
 186 │ │        a, // 182
 187 │ │        a, // 183
 188 │ │        a, // 184
 189 │ │        a, // 185
 190 │ │        a, // 186
 191 │ │        a, // 187
 192 │ │        a, // 188
 193 │ │        a, // 189
 194 │ │        a, // 190
 195 │ │        a, // 191
 196 │ │        a, // 192
 197 │ │        a, // 193
 198 │ │        a, // 194
 199 │ │        a, // 195
 200 │ │        a, // 196
 201 │ │        a, // 197
 202 │ │        a, // 198
 203 │ │        a, // 199
 204 │ │        a, // 200
 205 │ │        a, // 201
 206 │ │        a, // 202
 207 │ │        a, // 203
 208 │ │        a, // 204
 209 │ │        a, // 205
 210 │ │        a, // 206
 211 │ │        a, // 207
 212 │ │        a, // 208
 213 │ │        a, // 209
 214 │ │        a, // 210
 215 │ │        a, // 211
 216 │ │        a, // 212
 217 │ │        a, // 213
 218 │ │        a, // 214
 219 │ │        a, // 215
 220 │ │        a, // 216
 221 │ │        a, // 217
 222 │ │        a, // 218
 223 │ │        a, // 219
 224 │ │        a, // 220
 225 │ │        a, // 221
 226 │ │        a, // 222
 227 │ │        a, // 223
 228 │ │        a, // 224
 229 │ │        a, // 225
 230 │ │        a, // 226
 231 │ │        a, // 227
 232 │ │        a, // 228
 233 │ │        a, // 229
 234 │ │        a, // 230
 235 │ │        a, // 231
 236 │ │        a, // 232
 237 │ │        a, // 233
 238 │ │        a, // 234
 239 │ │        a, // 235
 240 │ │        a, // 236
 241 │ │        a, // 237
 242 │ │        a, // 238
 243 │ │        a, // 239
 244 │ │        a, // 240
 245 │ │        a, // 241
 246 │ │        a, // 242
 247 │ │        a, // 243
 248 │ │        a, // 244
 249 │ │        a, // 245
 250 │ │        a, // 246
 251 │ │        a, // 247
 252 │ │        a, // 248
 253 │ │        a, // 249
 254 │ │        a, // 250
 255 │ │        a, // 251
 256 │ │        a, // 252
 257 │ │        a, // 253
 258 │ │        a, // 254
 259 │ │        a, // 255
 260 │ ├─▶      a); // Error at 'a': Can't have more than 255 arguments.
     · ╰──── Can't have more than 255 arguments
 261 │     }
     ╰────
