---
source: crates/loxide_interpreter/tests/integration.rs
expression: result
snapshot_kind: text
---
// [line 3] Error at 'c': Expect ')' after parameters.
// [c line 4] Error at end: Expect '}' after block.
fun foo(a, b c, d, e, f) {}

>>>>> Error Section <<<<<

  × Expected token `)`, found identifier
   ╭─[3:14]
 2 │ // [c line 4] Error at end: Expect '}' after block.
 3 │ fun foo(a, b c, d, e, f) {}
   ·              ┬
   ·              ╰── expected `)`, found identifier
   ╰────
