---
source: crates/loxide_interpreter/tests/integration.rs
expression: result
snapshot_kind: text
---
// [line 2] Error at 'var': Expect expression.
while (true) var foo;


>>>>> Error Section <<<<<

  × Expected token `primary expression`, found keyword
   ╭─[2:14]
 1 │ // [line 2] Error at 'var': Expect expression.
 2 │ while (true) var foo;
   ·              ─┬─
   ·               ╰── expected `primary expression`, found keyword
   ╰────
