---
source: crates/loxide_parser/src/scanner.rs
expression: tokens
---
[
    Ok(
        Token {
            ty: Literal(
                Number(
                    1.0,
                ),
            ),
            lexeme: "1",
            span: [Span],
        },
    ),
    Ok(
        Token {
            ty: Plus,
            lexeme: "+",
            span: [Span],
        },
    ),
    Ok(
        Token {
            ty: Literal(
                Number(
                    2.0,
                ),
            ),
            lexeme: "2",
            span: [Span],
        },
    ),
    Ok(
        Token {
            ty: Comment,
            lexeme: "// Hello world",
            span: [Span],
        },
    ),
    Ok(
        Token {
            ty: EOF,
            lexeme: "",
            span: [Span],
        },
    ),
]
