---
source: crates/loxide_parser/src/scanner.rs
expression: tokens
---
[
    [
        Err(
            InvalidStringLiteral,
        ),
    ],
    [
        Ok(
            Token {
                ty: Literal(
                    String(
                        "",
                    ),
                ),
                lexeme: "\"\"",
                span: Span {
                    line: 1,
                    start: 0,
                    end: 2,
                },
            },
        ),
        Err(
            InvalidStringLiteral,
        ),
    ],
]
