---
source: crates/loxide_parser/src/scanner.rs
expression: tokens
---
[
    Token {
        ty: BangEqual,
        lexeme: "!=",
        span: [Span],
    },
    Token {
        ty: Bang,
        lexeme: "!",
        span: [Span],
    },
    Token {
        ty: EqualEqual,
        lexeme: "==",
        span: [Span],
    },
    Token {
        ty: Equal,
        lexeme: "=",
        span: [Span],
    },
    Token {
        ty: LessEqual,
        lexeme: "<=",
        span: [Span],
    },
    Token {
        ty: Less,
        lexeme: "<",
        span: [Span],
    },
    Token {
        ty: GreaterEqual,
        lexeme: ">=",
        span: [Span],
    },
    Token {
        ty: Greater,
        lexeme: ">",
        span: [Span],
    },
    Token {
        ty: Slash,
        lexeme: "/",
        span: [Span],
    },
    Token {
        ty: Comment,
        lexeme: "//",
        span: [Span],
    },
    Token {
        ty: EOF,
        lexeme: "",
        span: [Span],
    },
]
