---
source: crates/loxide_parser/src/scanner.rs
expression: tokens
---
[
    Token {
        ty: LeftParen,
        lexeme: "(",
        span: Span {
            start: 0,
            end: 1,
        },
    },
    Token {
        ty: RightParen,
        lexeme: ")",
        span: Span {
            start: 2,
            end: 3,
        },
    },
    Token {
        ty: LeftBrace,
        lexeme: "{",
        span: Span {
            start: 4,
            end: 5,
        },
    },
    Token {
        ty: RightBrace,
        lexeme: "}",
        span: Span {
            start: 6,
            end: 7,
        },
    },
    Token {
        ty: Comma,
        lexeme: ",",
        span: Span {
            start: 8,
            end: 9,
        },
    },
    Token {
        ty: Dot,
        lexeme: ".",
        span: Span {
            start: 10,
            end: 11,
        },
    },
    Token {
        ty: Minus,
        lexeme: "-",
        span: Span {
            start: 12,
            end: 13,
        },
    },
    Token {
        ty: Plus,
        lexeme: "+",
        span: Span {
            start: 14,
            end: 15,
        },
    },
    Token {
        ty: Semicolon,
        lexeme: ";",
        span: Span {
            start: 16,
            end: 17,
        },
    },
    Token {
        ty: Slash,
        lexeme: "/",
        span: Span {
            start: 18,
            end: 19,
        },
    },
    Token {
        ty: Star,
        lexeme: "*",
        span: Span {
            start: 20,
            end: 21,
        },
    },
]
