---
source: crates/loxide_parser/src/scanner.rs
expression: tokens
---
[
    Token {
        ty: LeftParen,
        lexeme: "(",
        span: [Span],
    },
    Token {
        ty: RightParen,
        lexeme: ")",
        span: [Span],
    },
    Token {
        ty: LeftBrace,
        lexeme: "{",
        span: [Span],
    },
    Token {
        ty: RightBrace,
        lexeme: "}",
        span: [Span],
    },
    Token {
        ty: Comma,
        lexeme: ",",
        span: [Span],
    },
    Token {
        ty: Dot,
        lexeme: ".",
        span: [Span],
    },
    Token {
        ty: Minus,
        lexeme: "-",
        span: [Span],
    },
    Token {
        ty: Plus,
        lexeme: "+",
        span: [Span],
    },
    Token {
        ty: Semicolon,
        lexeme: ";",
        span: [Span],
    },
    Token {
        ty: Slash,
        lexeme: "/",
        span: [Span],
    },
    Token {
        ty: Star,
        lexeme: "*",
        span: [Span],
    },
]
