---
source: crates/loxide_parser/src/scanner.rs
expression: tokens
---
[
    Ok(
        Token {
            ty: Keyword(
                And,
            ),
            lexeme: "and",
            span: Span {
                start: 0,
                end: 3,
            },
        },
    ),
    Ok(
        Token {
            ty: Keyword(
                Class,
            ),
            lexeme: "class",
            span: Span {
                start: 4,
                end: 9,
            },
        },
    ),
    Ok(
        Token {
            ty: Keyword(
                Else,
            ),
            lexeme: "else",
            span: Span {
                start: 10,
                end: 14,
            },
        },
    ),
    Ok(
        Token {
            ty: Keyword(
                False,
            ),
            lexeme: "false",
            span: Span {
                start: 15,
                end: 20,
            },
        },
    ),
    Ok(
        Token {
            ty: Keyword(
                Fun,
            ),
            lexeme: "fun",
            span: Span {
                start: 21,
                end: 24,
            },
        },
    ),
    Ok(
        Token {
            ty: Keyword(
                For,
            ),
            lexeme: "for",
            span: Span {
                start: 25,
                end: 28,
            },
        },
    ),
    Ok(
        Token {
            ty: Keyword(
                If,
            ),
            lexeme: "if",
            span: Span {
                start: 29,
                end: 31,
            },
        },
    ),
    Ok(
        Token {
            ty: Keyword(
                Nil,
            ),
            lexeme: "nil",
            span: Span {
                start: 32,
                end: 35,
            },
        },
    ),
    Ok(
        Token {
            ty: Keyword(
                Or,
            ),
            lexeme: "or",
            span: Span {
                start: 36,
                end: 38,
            },
        },
    ),
    Ok(
        Token {
            ty: Keyword(
                Print,
            ),
            lexeme: "print",
            span: Span {
                start: 39,
                end: 44,
            },
        },
    ),
    Ok(
        Token {
            ty: Keyword(
                Return,
            ),
            lexeme: "return",
            span: Span {
                start: 45,
                end: 51,
            },
        },
    ),
    Ok(
        Token {
            ty: Keyword(
                Super,
            ),
            lexeme: "super",
            span: Span {
                start: 52,
                end: 57,
            },
        },
    ),
    Ok(
        Token {
            ty: Keyword(
                This,
            ),
            lexeme: "this",
            span: Span {
                start: 58,
                end: 62,
            },
        },
    ),
    Ok(
        Token {
            ty: Keyword(
                True,
            ),
            lexeme: "true",
            span: Span {
                start: 63,
                end: 67,
            },
        },
    ),
    Ok(
        Token {
            ty: Keyword(
                Var,
            ),
            lexeme: "var",
            span: Span {
                start: 68,
                end: 71,
            },
        },
    ),
    Ok(
        Token {
            ty: Keyword(
                While,
            ),
            lexeme: "while",
            span: Span {
                start: 72,
                end: 77,
            },
        },
    ),
    Ok(
        Token {
            ty: Identifier,
            lexeme: "function",
            span: Span {
                start: 78,
                end: 86,
            },
        },
    ),
    Ok(
        Token {
            ty: Identifier,
            lexeme: "_rusty",
            span: Span {
                start: 87,
                end: 93,
            },
        },
    ),
    Ok(
        Token {
            ty: Identifier,
            lexeme: "rust123",
            span: Span {
                start: 94,
                end: 101,
            },
        },
    ),
]
