---
source: crates/loxide_parser/src/scanner.rs
expression: tokens
---
[
    Ok(
        Token {
            ty: Literal(
                String(
                    "Hello World",
                ),
            ),
            lexeme: "\"Hello World\"",
            span: [Span],
        },
    ),
    Ok(
        Token {
            ty: Literal(
                String(
                    "Let's Get Rusty!",
                ),
            ),
            lexeme: "\"Let's Get Rusty!\"",
            span: [Span],
        },
    ),
    Ok(
        Token {
            ty: Literal(
                String(
                    "",
                ),
            ),
            lexeme: "\"\"",
            span: [Span],
        },
    ),
    Ok(
        Token {
            ty: Literal(
                String(
                    "A",
                ),
            ),
            lexeme: "\"A\"",
            span: [Span],
        },
    ),
    Ok(
        Token {
            ty: EOF,
            lexeme: "",
            span: [Span],
        },
    ),
]
