---
source: crates/loxide_parser/src/scanner.rs
expression: tokens
---
[
    Ok(
        Token {
            ty: Literal(
                Number(
                    123.0,
                ),
            ),
            lexeme: "123",
            span: [Span],
        },
    ),
    Ok(
        Token {
            ty: Literal(
                Number(
                    123.0,
                ),
            ),
            lexeme: "123.00",
            span: [Span],
        },
    ),
    Ok(
        Token {
            ty: Literal(
                Number(
                    123.456,
                ),
            ),
            lexeme: "123.456",
            span: [Span],
        },
    ),
    Ok(
        Token {
            ty: EOF,
            lexeme: "",
            span: [Span],
        },
    ),
]
