---
source: crates/loxide_parser/src/scanner.rs
expression: tokens
---
[
    Ok(
        Token {
            ty: Keyword(
                And,
            ),
            lexeme: "and",
            span: [Span],
        },
    ),
    Ok(
        Token {
            ty: Keyword(
                Class,
            ),
            lexeme: "class",
            span: [Span],
        },
    ),
    Ok(
        Token {
            ty: Keyword(
                Else,
            ),
            lexeme: "else",
            span: [Span],
        },
    ),
    Ok(
        Token {
            ty: Keyword(
                False,
            ),
            lexeme: "false",
            span: [Span],
        },
    ),
    Ok(
        Token {
            ty: Keyword(
                Fun,
            ),
            lexeme: "fun",
            span: [Span],
        },
    ),
    Ok(
        Token {
            ty: Keyword(
                For,
            ),
            lexeme: "for",
            span: [Span],
        },
    ),
    Ok(
        Token {
            ty: Keyword(
                If,
            ),
            lexeme: "if",
            span: [Span],
        },
    ),
    Ok(
        Token {
            ty: Keyword(
                Nil,
            ),
            lexeme: "nil",
            span: [Span],
        },
    ),
    Ok(
        Token {
            ty: Keyword(
                Or,
            ),
            lexeme: "or",
            span: [Span],
        },
    ),
    Ok(
        Token {
            ty: Keyword(
                Print,
            ),
            lexeme: "print",
            span: [Span],
        },
    ),
    Ok(
        Token {
            ty: Keyword(
                Return,
            ),
            lexeme: "return",
            span: [Span],
        },
    ),
    Ok(
        Token {
            ty: Keyword(
                Super,
            ),
            lexeme: "super",
            span: [Span],
        },
    ),
    Ok(
        Token {
            ty: Keyword(
                This,
            ),
            lexeme: "this",
            span: [Span],
        },
    ),
    Ok(
        Token {
            ty: Keyword(
                True,
            ),
            lexeme: "true",
            span: [Span],
        },
    ),
    Ok(
        Token {
            ty: Keyword(
                Var,
            ),
            lexeme: "var",
            span: [Span],
        },
    ),
    Ok(
        Token {
            ty: Keyword(
                While,
            ),
            lexeme: "while",
            span: [Span],
        },
    ),
    Ok(
        Token {
            ty: Identifier,
            lexeme: "function",
            span: [Span],
        },
    ),
    Ok(
        Token {
            ty: Identifier,
            lexeme: "_rusty",
            span: [Span],
        },
    ),
    Ok(
        Token {
            ty: Identifier,
            lexeme: "rust123",
            span: [Span],
        },
    ),
]
