---
source: crates/loxide_parser/src/scanner.rs
expression: tokens
---
[
    Ok(
        Token {
            ty: Keyword(
                And,
            ),
            lexeme: "and",
            span: Span {
                line: 1,
                start: 0,
                end: 3,
            },
        },
    ),
    Ok(
        Token {
            ty: Keyword(
                Class,
            ),
            lexeme: "class",
            span: Span {
                line: 2,
                start: 0,
                end: 5,
            },
        },
    ),
    Ok(
        Token {
            ty: Keyword(
                Else,
            ),
            lexeme: "else",
            span: Span {
                line: 3,
                start: 0,
                end: 4,
            },
        },
    ),
    Ok(
        Token {
            ty: Keyword(
                False,
            ),
            lexeme: "false",
            span: Span {
                line: 4,
                start: 0,
                end: 5,
            },
        },
    ),
    Ok(
        Token {
            ty: Keyword(
                Fun,
            ),
            lexeme: "fun",
            span: Span {
                line: 5,
                start: 0,
                end: 3,
            },
        },
    ),
    Ok(
        Token {
            ty: Keyword(
                For,
            ),
            lexeme: "for",
            span: Span {
                line: 6,
                start: 0,
                end: 3,
            },
        },
    ),
    Ok(
        Token {
            ty: Keyword(
                If,
            ),
            lexeme: "if",
            span: Span {
                line: 7,
                start: 0,
                end: 2,
            },
        },
    ),
    Ok(
        Token {
            ty: Keyword(
                Nil,
            ),
            lexeme: "nil",
            span: Span {
                line: 8,
                start: 0,
                end: 3,
            },
        },
    ),
    Ok(
        Token {
            ty: Keyword(
                Or,
            ),
            lexeme: "or",
            span: Span {
                line: 9,
                start: 0,
                end: 2,
            },
        },
    ),
    Ok(
        Token {
            ty: Keyword(
                Print,
            ),
            lexeme: "print",
            span: Span {
                line: 10,
                start: 0,
                end: 5,
            },
        },
    ),
    Ok(
        Token {
            ty: Keyword(
                Return,
            ),
            lexeme: "return",
            span: Span {
                line: 11,
                start: 0,
                end: 6,
            },
        },
    ),
    Ok(
        Token {
            ty: Keyword(
                Super,
            ),
            lexeme: "super",
            span: Span {
                line: 12,
                start: 0,
                end: 5,
            },
        },
    ),
    Ok(
        Token {
            ty: Keyword(
                This,
            ),
            lexeme: "this",
            span: Span {
                line: 13,
                start: 0,
                end: 4,
            },
        },
    ),
    Ok(
        Token {
            ty: Keyword(
                True,
            ),
            lexeme: "true",
            span: Span {
                line: 14,
                start: 0,
                end: 4,
            },
        },
    ),
    Ok(
        Token {
            ty: Keyword(
                Var,
            ),
            lexeme: "var",
            span: Span {
                line: 15,
                start: 0,
                end: 3,
            },
        },
    ),
    Ok(
        Token {
            ty: Keyword(
                While,
            ),
            lexeme: "while",
            span: Span {
                line: 16,
                start: 0,
                end: 5,
            },
        },
    ),
    Ok(
        Token {
            ty: Identifier,
            lexeme: "function",
            span: Span {
                line: 17,
                start: 0,
                end: 8,
            },
        },
    ),
    Ok(
        Token {
            ty: Identifier,
            lexeme: "_rusty",
            span: Span {
                line: 18,
                start: 0,
                end: 6,
            },
        },
    ),
    Ok(
        Token {
            ty: Identifier,
            lexeme: "rust123",
            span: Span {
                line: 19,
                start: 0,
                end: 7,
            },
        },
    ),
]
