---
source: crates/loxide_parser/src/scanner.rs
expression: tokens
---
[
    Ok(
        Token {
            ty: Literal(
                String(
                    "Hello World",
                ),
            ),
            lexeme: "\"Hello World\"",
            span: Span {
                start: 0,
                end: 13,
            },
        },
    ),
    Ok(
        Token {
            ty: Literal(
                String(
                    "Let's Get Rusty!",
                ),
            ),
            lexeme: "\"Let's Get Rusty!\"",
            span: Span {
                start: 14,
                end: 32,
            },
        },
    ),
    Ok(
        Token {
            ty: Literal(
                String(
                    "",
                ),
            ),
            lexeme: "\"\"",
            span: Span {
                start: 33,
                end: 35,
            },
        },
    ),
    Ok(
        Token {
            ty: Literal(
                String(
                    "A",
                ),
            ),
            lexeme: "\"A\"",
            span: Span {
                start: 36,
                end: 39,
            },
        },
    ),
]
