---
source: src/parser.rs
expression: results
---
(
    [
        Expression(
            Expr {
                kind: Binary(
                    BinaryExpr {
                        lhs: Expr {
                            kind: Literal(
                                Number(
                                    1.0,
                                ),
                            ),
                        },
                        rhs: Expr {
                            kind: Literal(
                                Number(
                                    2.0,
                                ),
                            ),
                        },
                        operator: Plus,
                    },
                ),
            },
        ),
        Expression(
            Expr {
                kind: Binary(
                    BinaryExpr {
                        lhs: Expr {
                            kind: Literal(
                                Number(
                                    3.0,
                                ),
                            ),
                        },
                        rhs: Expr {
                            kind: Literal(
                                Number(
                                    4.0,
                                ),
                            ),
                        },
                        operator: Plus,
                    },
                ),
            },
        ),
    ],
    [
        Expect(
            "expression",
        ),
        Expect(
            "expression",
        ),
        Expect(
            "expression",
        ),
    ],
)
